2025-03-14T20:45:12.345+0100: 0.234: [GC (Allocation Failure) [PSYoungGen: 76288K->8704K(89088K)] 76288K->14832K(290816K), 0.0112345 secs] [Times: user=0.04 sys=0.01, real=0.01 secs]
2025-03-14T20:45:56.789+0100: 44.678: [GC (Allocation Failure) [PSYoungGen: 84992K->12288K(89088K)] 91120K->24576K(290816K), 0.0134567 secs] [Times: user=0.05 sys=0.01, real=0.01 secs]
2025-03-14T20:46:41.234+0100: 89.123: [GC (Allocation Failure) [PSYoungGen: 88576K->11264K(89088K)] 100864K->32768K(290816K), 0.0098765 secs] [Times: user=0.03 sys=0.01, real=0.01 secs]
2025-03-14T20:47:25.678+0100: 133.567: [GC (Allocation Failure) [PSYoungGen: 87552K->10240K(89088K)] 109056K->40960K(290816K), 0.0115432 secs] [Times: user=0.04 sys=0.01, real=0.01 secs]
2025-03-14T20:48:10.123+0100: 178.012: [GC (Allocation Failure) [PSYoungGen: 86528K->9216K(89088K)] 117248K->48128K(290816K), 0.0128901 secs] [Times: user=0.05 sys=0.01, real=0.01 secs]
2025-03-14T20:48:54.567+0100: 222.456: [GC (Allocation Failure) [PSYoungGen: 85504K->11776K(89088K)] 124416K->56320K(290816K), 0.0142345 secs] [Times: user=0.05 sys=0.01, real=0.01 secs]
2025-03-14T20:49:39.012+0100: 266.901: [GC (Allocation Failure) [PSYoungGen: 88064K->10752K(89088K)] 132608K->63488K(290816K), 0.0108765 secs] [Times: user=0.04 sys=0.01, real=0.01 secs]
2025-03-14T20:50:23.456+0100: 311.345: [GC (Allocation Failure) [PSYoungGen: 87040K->12800K(89088K)] 139776K->72704K(290816K), 0.0155432 secs] [Times: user=0.06 sys=0.01, real=0.02 secs]
2025-03-14T20:51:07.901+0100: 355.790: [GC (Allocation Failure) [PSYoungGen: 89088K->11264K(89088K)] 148992K->80896K(290816K), 0.0123456 secs] [Times: user=0.05 sys=0.01, real=0.01 secs]
2025-03-14T20:51:52.345+0100: 400.234: [GC (Allocation Failure) [PSYoungGen: 87552K->10240K(89088K)] 157184K->88064K(290816K), 0.0136789 secs] [Times: user=0.05 sys=0.01, real=0.01 secs]
2025-03-14T20:52:36.789+0100: 444.678: [Full GC (Metadata GC Threshold) [PSYoungGen: 86528K->0K(89088K)] [ParOldGen: 77824K->62464K(201728K)] 164352K->62464K(290816K), [Metaspace: 128000K->85632K(1171456K)], 1.2345678 secs] [Times: user=4.89 sys=0.12, real=1.23 secs]
2025-03-14T20:52:38.024+0100: 445.913: [GC (Allocation Failure) [PSYoungGen: 76288K->8192K(89088K)] 138752K->70656K(290816K), 0.0098123 secs] [Times: user=0.03 sys=0.01, real=0.01 secs]
2025-03-14T20:53:22.468+0100: 490.357: [GC (Allocation Failure) [PSYoungGen: 84480K->9728K(89088K)] 146944K->78848K(290816K), 0.0112456 secs] [Times: user=0.04 sys=0.01, real=0.01 secs]
2025-03-14T20:54:06.912+0100: 534.801: [GC (Allocation Failure) [PSYoungGen: 86016K->11264K(89088K)] 155136K->87040K(290816K), 0.0128345 secs] [Times: user=0.05 sys=0.01, real=0.01 secs]
2025-03-14T20:54:51.357+0100: 579.246: [GC (Allocation Failure) [PSYoungGen: 87552K->10752K(89088K)] 163328K->94208K(290816K), 0.0145678 secs] [Times: user=0.06 sys=0.01, real=0.01 secs]
2025-03-14T20:55:35.801+0100: 623.690: [GC (Allocation Failure) [PSYoungGen: 87040K->12288K(89088K)] 170496K->102400K(290816K), 0.0116789 secs] [Times: user=0.04 sys=0.01, real=0.01 secs]
2025-03-14T20:56:20.245+0100: 668.134: [GC (Allocation Failure) [PSYoungGen: 88576K->11776K(89088K)] 178688K->110592K(290816K), 0.0134123 secs] [Times: user=0.05 sys=0.01, real=0.01 secs]
2025-03-14T20:57:04.690+0100: 712.579: [GC (Allocation Failure) [PSYoungGen: 88064K->10240K(89088K)] 186880K->117760K(290816K), 0.0152456 secs] [Times: user=0.06 sys=0.01, real=0.02 secs]
2025-03-14T20:57:49.134+0100: 757.023: [GC (Allocation Failure) [PSYoungGen: 86528K->12800K(89088K)] 194048K->126976K(290816K), 0.0123789 secs] [Times: user=0.05 sys=0.01, real=0.01 secs]
2025-03-14T20:58:33.579+0100: 801.468: [GC (Allocation Failure) [PSYoungGen: 89088K->11264K(89088K)] 203264K->134144K(290816K), 0.0138901 secs] [Times: user=0.05 sys=0.01, real=0.01 secs]
2025-03-14T20:59:18.023+0100: 845.912: [GC (Allocation Failure) [PSYoungGen: 87552K->10752K(89088K)] 210432K->142336K(290816K), 0.0145234 secs] [Times: user=0.06 sys=0.01, real=0.01 secs]
2025-03-14T21:00:02.468+0100: 890.357: [GC (Allocation Failure) [PSYoungGen: 87040K->9728K(89088K)] 218624K->149504K(290816K), 0.0116567 secs] [Times: user=0.04 sys=0.01, real=0.01 secs]
2025-03-14T21:00:46.912+0100: 934.801: [GC (Allocation Failure) [PSYoungGen: 86016K->12288K(89088K)] 225792K->158720K(290816K), 0.0132890 secs] [Times: user=0.05 sys=0.01, real=0.01 secs]
2025-03-14T21:01:31.357+0100: 979.246: [GC (Allocation Failure) [PSYoungGen: 88576K->11264K(89088K)] 235008K->166912K(290816K), 0.0148123 secs] [Times: user=0.06 sys=0.01, real=0.01 secs]
2025-03-14T21:02:15.801+0100: 1023.690: [GC (Allocation Failure) [PSYoungGen: 87552K->10240K(89088K)] 243200K->174080K(290816K), 0.0128456 secs] [Times: user=0.05 sys=0.01, real=0.01 secs]
2025-03-14T21:03:00.245+0100: 1068.134: [Full GC (Ergonomics) [PSYoungGen: 86528K->0K(89088K)] [ParOldGen: 163840K->135168K(201728K)] 250368K->135168K(290816K), [Metaspace: 86012K->85890K(1171456K)], 2.3456789 secs] [Times: user=9.34 sys=0.23, real=2.35 secs]
2025-03-14T21:03:02.591+0100: 1070.480: [GC (Allocation Failure) [PSYoungGen: 76288K->8704K(89088K)] 211456K->143872K(290816K), 0.0108234 secs] [Times: user=0.04 sys=0.01, real=0.01 secs]
2025-03-14T21:03:47.035+0100: 1114.924: [GC (Allocation Failure) [PSYoungGen: 84992K->9216K(89088K)] 220160K->151552K(290816K), 0.0122567 secs] [Times: user=0.05 sys=0.01, real=0.01 secs]
2025-03-14T21:04:31.479+0100: 1159.368: [GC (Allocation Failure) [PSYoungGen: 85504K->10752K(89088K)] 227840K->159744K(290816K), 0.0135890 secs] [Times: user=0.05 sys=0.01, real=0.01 secs]
2025-03-14T21:05:15.924+0100: 1203.813: [GC (Allocation Failure) [PSYoungGen: 87040K->11776K(89088K)] 236032K->167936K(290816K), 0.0148123 secs] [Times: user=0.06 sys=0.01, real=0.01 secs]
2025-03-14T21:06:00.368+0100: 1248.257: [GC (Allocation Failure) [PSYoungGen: 88064K->12288K(89088K)] 244224K->176128K(290816K), 0.0112456 secs] [Times: user=0.04 sys=0.01, real=0.01 secs]
2025-03-14T21:06:44.813+0100: 1292.702: [GC (Allocation Failure) [PSYoungGen: 88576K->10240K(89088K)] 252416K->183296K(290816K), 0.0126789 secs] [Times: user=0.05 sys=0.01, real=0.01 secs]
2025-03-14T21:07:29.257+0100: 1337.146: [GC (Allocation Failure) [PSYoungGen: 86528K->11264K(89088K)] 259584K->191488K(290816K), 0.0142345 secs] [Times: user=0.06 sys=0.01, real=0.01 secs]
2025-03-14T21:08:13.702+0100: 1381.591: [GC (Allocation Failure) [PSYoungGen: 87552K->9728K(89088K)] 267776K->197632K(290816K), 0.0155678 secs] [Times: user=0.06 sys=0.01, real=0.02 secs]
2025-03-14T21:08:58.146+0100: 1426.035: [GC (Allocation Failure) [PSYoungGen: 86016K->10752K(89088K)] 273920K->205824K(290816K), 0.0118901 secs] [Times: user=0.04 sys=0.01, real=0.01 secs]
2025-03-14T21:09:42.591+0100: 1470.480: [GC (Allocation Failure) [PSYoungGen: 87040K->12288K(89088K)] 282112K->214016K(290816K), 0.0132234 secs] [Times: user=0.05 sys=0.01, real=0.01 secs]
2025-03-14T21:10:27.035+0100: 1514.924: [GC (Allocation Failure) [PSYoungGen: 88576K->11776K(89088K)] 290304K->221184K(290816K), 0.0148567 secs] [Times: user=0.06 sys=0.01, real=0.01 secs]
2025-03-14T21:11:11.479+0100: 1559.368: [GC (Allocation Failure) [PSYoungGen: 88064K->10240K(89088K)] 297472K->228352K(290816K), 0.0162890 secs] [Times: user=0.06 sys=0.01, real=0.02 secs]
2025-03-14T21:11:55.924+0100: 1603.813: [Full GC (Ergonomics) [PSYoungGen: 86528K->0K(89088K)] [ParOldGen: 218112K->168960K(201728K)] 304640K->168960K(290816K), [Metaspace: 86124K->85998K(1171456K)], 2.8901234 secs] [Times: user=11.45 sys=0.28, real=2.89 secs]
2025-03-14T21:11:58.814+0100: 1606.703: [GC (Allocation Failure) [PSYoungGen: 76288K->8192K(89088K)] 245248K->177152K(290816K), 0.0112345 secs] [Times: user=0.04 sys=0.01, real=0.01 secs]
2025-03-14T21:12:43.259+0100: 1651.148: [GC (Allocation Failure) [PSYoungGen: 84480K->9728K(89088K)] 253440K->185344K(290816K), 0.0128678 secs] [Times: user=0.05 sys=0.01, real=0.01 secs]
2025-03-14T21:13:27.703+0100: 1695.592: [GC (Allocation Failure) [PSYoungGen: 86016K->11264K(89088K)] 261632K->193536K(290816K), 0.0142012 secs] [Times: user=0.06 sys=0.01, real=0.01 secs]
2025-03-14T21:14:12.148+0100: 1740.037: [GC (Allocation Failure) [PSYoungGen: 87552K->10752K(89088K)] 269824K->200704K(290816K), 0.0155345 secs] [Times: user=0.06 sys=0.01, real=0.02 secs]
2025-03-14T21:14:56.592+0100: 1784.481: [GC (Allocation Failure) [PSYoungGen: 87040K->12288K(89088K)] 276992K->209920K(290816K), 0.0118678 secs] [Times: user=0.04 sys=0.01, real=0.01 secs]
2025-03-14T21:15:41.037+0100: 1828.926: [GC (Allocation Failure) [PSYoungGen: 88576K->11776K(89088K)] 286208K->218112K(290816K), 0.0136012 secs] [Times: user=0.05 sys=0.01, real=0.01 secs]
2025-03-14T21:16:25.481+0100: 1873.370: [GC (Allocation Failure) [PSYoungGen: 88064K->10240K(89088K)] 294400K->225280K(290816K), 0.0149345 secs] [Times: user=0.06 sys=0.01, real=0.01 secs]
2025-03-14T21:17:09.926+0100: 1917.815: [GC (Allocation Failure) [PSYoungGen: 86528K->9216K(89088K)] 301568K->232448K(290816K), 0.0162678 secs] [Times: user=0.06 sys=0.01, real=0.02 secs]
2025-03-14T21:17:54.370+0100: 1962.259: [GC (Allocation Failure) [PSYoungGen: 85504K->10752K(89088K)] 308736K->240640K(290816K), 0.0128012 secs] [Times: user=0.05 sys=0.01, real=0.01 secs]
2025-03-14T21:18:38.815+0100: 2006.704: [GC (Allocation Failure) [PSYoungGen: 87040K->12288K(89088K)] 316928K->248832K(290816K), 0.0145345 secs] [Times: user=0.06 sys=0.01, real=0.01 secs]
2025-03-14T21:19:23.259+0100: 2051.148: [GC (Allocation Failure) [PSYoungGen: 88576K->11264K(89088K)] 325120K->255488K(290816K), 0.0156678 secs] [Times: user=0.06 sys=0.01, real=0.02 secs]
2025-03-14T21:20:07.703+0100: 2095.592: [GC (Allocation Failure) [PSYoungGen: 87552K->10240K(89088K)] 331776K->262144K(290816K), 0.0132012 secs] [Times: user=0.05 sys=0.01, real=0.01 secs]
2025-03-14T21:20:52.148+0100: 2140.037: [GC (Allocation Failure) [PSYoungGen: 86528K->9728K(89088K)] 338432K->269312K(290816K), 0.0148345 secs] [Times: user=0.06 sys=0.01, real=0.01 secs]
2025-03-14T21:21:36.592+0100: 2184.481: [Full GC (Ergonomics) [PSYoungGen: 86016K->0K(89088K)] [ParOldGen: 259584K->194560K(201728K)] 345600K->194560K(290816K), [Metaspace: 86234K->86012K(1171456K)], 3.1234567 secs] [Times: user=12.45 sys=0.31, real=3.12 secs]
2025-03-14T21:21:39.716+0100: 2187.605: [GC (Allocation Failure) [PSYoungGen: 76288K->8704K(89088K)] 270848K->203264K(290816K), 0.0116789 secs] [Times: user=0.04 sys=0.01, real=0.01 secs]
2025-03-14T21:22:24.160+0100: 2232.049: [GC (Allocation Failure) [PSYoungGen: 84992K->9216K(89088K)] 279552K->210944K(290816K), 0.0128123 secs] [Times: user=0.05 sys=0.01, real=0.01 secs]
2025-03-14T21:23:08.605+0100: 2276.494: [GC (Allocation Failure) [PSYoungGen: 85504K->10752K(89088K)] 287232K->219648K(290816K), 0.0142456 secs] [Times: user=0.06 sys=0.01, real=0.01 secs]
2025-03-14T21:23:53.049+0100: 2320.938: [GC (Allocation Failure) [PSYoungGen: 87040K->11776K(89088K)] 295936K->227328K(290816K), 0.0155789 secs] [Times: user=0.06 sys=0.01, real=0.02 secs]
2025-03-14T21:24:37.494+0100: 2365.383: [GC (Allocation Failure) [PSYoungGen: 88064K->12288K(89088K)] 303616K->236544K(290816K), 0.0118123 secs] [Times: user=0.04 sys=0.01, real=0.01 secs]
2025-03-14T21:25:21.938+0100: 2409.827: [GC (Allocation Failure) [PSYoungGen: 88576K->10240K(89088K)] 312832K->243712K(290816K), 0.0136456 secs] [Times: user=0.05 sys=0.01, real=0.01 secs]
2025-03-14T21:26:06.383+0100: 2454.272: [GC (Allocation Failure) [PSYoungGen: 86528K->11264K(89088K)] 320000K->252928K(290816K), 0.0148789 secs] [Times: user=0.06 sys=0.01, real=0.01 secs]
2025-03-14T21:26:50.827+0100: 2498.716: [GC (Allocation Failure) [PSYoungGen: 87552K->10752K(89088K)] 329216K->261120K(290816K), 0.0162123 secs] [Times: user=0.06 sys=0.01, real=0.02 secs]
2025-03-14T21:27:35.271+0100: 2543.160: [GC (Allocation Failure) [PSYoungGen: 87040K->9728K(89088K)] 337408K->268288K(290816K), 0.0128456 secs] [Times: user=0.05 sys=0.01, real=0.01 secs]
2025-03-14T21:28:19.716+0100: 2587.605: [GC (Allocation Failure) [PSYoungGen: 86016K->12288K(89088K)] 344576K->278528K(290816K), 0.0145789 secs] [Times: user=0.06 sys=0.01, real=0.01 secs]
2025-03-14T21:29:04.160+0100: 2632.049: [GC (Allocation Failure) [PSYoungGen: 88576K->11264K(89088K)] 354816K->285696K(290816K), 0.0156123 secs] [Times: user=0.06 sys=0.01, real=0.02 secs]
2025-03-14T21:29:48.605+0100: 2676.494: [GC (Allocation Failure) [PSYoungGen: 87552K->10752K(89088K)] 361984K->292864K(290816K), 0.0134456 secs] [Times: user=0.05 sys=0.01, real=0.01 secs]
2025-03-14T21:30:33.049+0100: 2720.938: [GC (Allocation Failure) [PSYoungGen: 87040K->9216K(89088K)] 369152K->298496K(290816K), 0.0148789 secs] [Times: user=0.06 sys=0.01, real=0.01 secs]
2025-03-14T21:31:17.494+0100: 2765.383: [GC (Allocation Failure) [PSYoungGen: 85504K->10240K(89088K)] 374784K->306176K(290816K), 0.0162123 secs] [Times: user=0.06 sys=0.01, real=0.02 secs]
2025-03-14T21:32:01.938+0100: 2809.827: [GC (Allocation Failure) [PSYoungGen: 86528K->11776K(89088K)] 382464K->315392K(290816K), 0.0128456 secs] [Times: user=0.05 sys=0.01, real=0.01 secs]
2025-03-14T21:32:46.383+0100: 2854.272: [GC (Allocation Failure) [PSYoungGen: 88064K->10752K(89088K)] 391680K->322560K(290816K), 0.0145789 secs] [Times: user=0.06 sys=0.01, real=0.01 secs]
2025-03-14T21:33:30.827+0100: 2898.716: [GC (Allocation Failure) [PSYoungGen: 87040K->12288K(89088K)] 398848K->331776K(290816K), 0.0155123 secs] [Times: user=0.06 sys=0.01, real=0.02 secs]
2025-03-14T21:34:15.271+0100: 2943.160: [GC (Allocation Failure) [PSYoungGen: 88576K->11264K(89088K)] 408064K->339968K(290816K), 0.0138456 secs] [Times: user=0.05 sys=0.01, real=0.01 secs]
2025-03-14T21:34:59.716+0100: 2987.605: [GC (Allocation Failure) [PSYoungGen: 87552K->10240K(89088K)] 416256K->347136K(290816K), 0.0152789 secs] [Times: user=0.06 sys=0.01, real=0.02 secs]
2025-03-14T21:35:44.160+0100: 3032.049: [GC (Allocation Failure) [PSYoungGen: 86528K->9728K(89088K)] 423424K->354304K(290816K), 0.0118123 secs] [Times: user=0.04 sys=0.01, real=0.01 secs]
2025-03-14T21:36:28.605+0100: 3076.494: [GC (Allocation Failure) [PSYoungGen: 86016K->11264K(89088K)] 430592K->363520K(290816K), 0.0136456 secs] [Times: user=0.05 sys=0.01, real=0.01 secs]
2025-03-14T21:37:13.049+0100: 3120.938: [GC (Allocation Failure) [PSYoungGen: 87552K->10752K(89088K)] 439808K->371200K(290816K), 0.0148789 secs] [Times: user=0.06 sys=0.01, real=0.01 secs]
2025-03-14T21:37:57.494+0100: 3165.383: [GC (Allocation Failure) [PSYoungGen: 87040K->12288K(89088K)] 447488K->380928K(290816K), 0.0162123 secs] [Times: user=0.06 sys=0.01, real=0.02 secs]
2025-03-14T21:38:41.938+0100: 3209.827: [Full GC (Ergonomics) [PSYoungGen: 86528K->0K(89088K)] [ParOldGen: 368640K->215040K(201728K)] 455168K->215040K(290816K), [Metaspace: 86345K->86123K(1171456K)], 2.5678901 secs] [Times: user=10.23 sys=0.25, real=2.57 secs]
2025-03-14T21:38:44.506+0100: 3212.395: [GC (Allocation Failure) [PSYoungGen: 76288K->8192K(89088K)] 291328K->223232K(290816K), 0.0108234 secs] [Times: user=0.04 sys=0.01, real=0.01 secs]
2025-03-14T21:39:28.951+0100: 3256.840: [GC (Allocation Failure) [PSYoungGen: 84480K->9728K(89088K)] 299520K->231424K(290816K), 0.0126567 secs] [Times: user=0.05 sys=0.01, real=0.01 secs]
2025-03-14T21:40:13.395+0100: 3301.284: [GC (Allocation Failure) [PSYoungGen: 86016K->10240K(89088K)] 307712K->238592K(290816K), 0.0138890 secs] [Times: user=0.05 sys=0.01, real=0.01 secs]
2025-03-14T21:40:57.840+0100: 3345.729: [GC (Allocation Failure) [PSYoungGen: 86528K->11776K(89088K)] 314880K->247808K(290816K), 0.0152234 secs] [Times: user=0.06 sys=0.01, real=0.02 secs]
2025-03-14T21:41:42.284+0100: 3390.173: [GC (Allocation Failure) [PSYoungGen: 88064K->10752K(89088K)] 324096K->255488K(290816K), 0.0118567 secs] [Times: user=0.04 sys=0.01, real=0.01 secs]
2025-03-14T21:42:26.729+0100: 3434.618: [GC (Allocation Failure) [PSYoungGen: 87040K->12288K(89088K)] 331776K->264192K(290816K), 0.0136890 secs] [Times: user=0.05 sys=0.01, real=0.01 secs]
2025-03-14T21:43:11.173+0100: 3479.062: [GC (Allocation Failure) [PSYoungGen: 88576K->11264K(89088K)] 340480K->271360K(290816K), 0.0148234 secs] [Times: user=0.06 sys=0.01, real=0.01 secs]
2025-03-14T21:43:55.618+0100: 3523.507: [GC (Allocation Failure) [PSYoungGen: 87552K->10240K(89088K)] 347648K->278528K(290816K), 0.0155567 secs] [Times: user=0.06 sys=0.01, real=0.02 secs]
Heap
 PSYoungGen      total 89088K, used 13456K [0x00000000f5580000, 0x00000000fb200000, 0x0000000100000000)
  eden space 76288K, 4% used [0x00000000f5580000,0x00000000f58a0420,0x00000000fa000000)
  from space 12800K, 79% used [0x00000000fa600000,0x00000000fb000040,0x00000000fb200000)
  to   space 12800K, 0% used [0x00000000fa000000,0x00000000fa000000,0x00000000fa600000)
 ParOldGen       total 201728K, used 268288K [0x00000000e0000000, 0x00000000ec500000, 0x00000000f5580000)
  object space 201728K, 100% used [0x00000000e0000000,0x00000000ec500000,0x00000000ec500000)
 Metaspace       used 86234K, capacity 88012K, committed 88320K, reserved 1128448K
  class space    used 10234K, capacity 10890K, committed 11008K, reserved 1048576K
2025-03-14T20:45:12.100+0100: 0.001: [GC (Allocation Failure)
Desired survivor size 6553600 bytes, new threshold 7 (max 15)
 [PSYoungGen: 76288K->8704K(89088K)] 76288K->14832K(290816K), 0.0112345 secs]
CommandLine flags: -XX:InitialHeapSize=301989888 -XX:MaxHeapSize=1073741824 -XX:MaxNewSize=357564416 -XX:MinHeapDeltaBytes=524288 -XX:NewSize=100663296 -XX:OldSize=201326592 -XX:+PrintGC -XX:+PrintGCDateStamps -XX:+PrintGCDetails -XX:+PrintGCTimeStamps -XX:+UseCompressedClassPointers -XX:+UseCompressedOops -XX:+UseParallelGC
2025-03-14T20:46:01.234+0100: 49.123: [GC (Allocation Failure) [PSYoungGen: 85504K->9216K(89088K)] 92632K->22528K(290816K), 0.0118234 secs] [Times: user=0.04 sys=0.01, real=0.01 secs]
2025-03-14T20:46:50.678+0100: 98.567: [GC (Allocation Failure) [PSYoungGen: 85504K->10752K(89088K)] 98816K->31744K(290816K), 0.0125678 secs] [Times: user=0.05 sys=0.01, real=0.01 secs]
2025-03-14T20:47:40.123+0100: 148.012: [GC (Allocation Failure) [PSYoungGen: 87040K->11264K(89088K)] 108032K->40960K(290816K), 0.0138901 secs] [Times: user=0.05 sys=0.01, real=0.01 secs]
2025-03-14T20:48:29.567+0100: 197.456: [GC (Allocation Failure) [PSYoungGen: 87552K->10240K(89088K)] 117248K->48128K(290816K), 0.0142234 secs] [Times: user=0.06 sys=0.01, real=0.01 secs]
2025-03-14T20:49:19.012+0100: 246.901: [GC (Allocation Failure) [PSYoungGen: 86528K->12288K(89088K)] 124416K->58368K(290816K), 0.0108567 secs] [Times: user=0.04 sys=0.01, real=0.01 secs]
2025-03-14T20:50:08.456+0100: 296.345: [GC (Allocation Failure) [PSYoungGen: 88576K->11776K(89088K)] 134656K->66560K(290816K), 0.0132890 secs] [Times: user=0.05 sys=0.01, real=0.01 secs]
2025-03-14T20:50:57.901+0100: 345.790: [GC (Allocation Failure) [PSYoungGen: 88064K->10240K(89088K)] 142848K->73728K(290816K), 0.0148123 secs] [Times: user=0.06 sys=0.01, real=0.01 secs]
2025-03-14T20:51:47.345+0100: 395.234: [GC (Allocation Failure) [PSYoungGen: 86528K->9728K(89088K)] 150016K->81920K(290816K), 0.0155456 secs] [Times: user=0.06 sys=0.01, real=0.02 secs]
2025-03-14T20:52:36.790+0100: 444.679: [GC (Allocation Failure) [PSYoungGen: 86016K->11264K(89088K)] 158208K->90112K(290816K), 0.0118789 secs] [Times: user=0.04 sys=0.01, real=0.01 secs]
2025-03-14T20:53:26.234+0100: 494.123: [GC (Allocation Failure) [PSYoungGen: 87552K->10752K(89088K)] 166400K->97280K(290816K), 0.0136123 secs] [Times: user=0.05 sys=0.01, real=0.01 secs]
2025-03-14T20:54:15.679+0100: 543.568: [GC (Allocation Failure) [PSYoungGen: 87040K->12288K(89088K)] 173568K->106496K(290816K), 0.0149456 secs] [Times: user=0.06 sys=0.01, real=0.01 secs]
2025-03-14T20:55:05.123+0100: 593.012: [GC (Allocation Failure) [PSYoungGen: 88576K->11264K(89088K)] 182784K->114688K(290816K), 0.0162789 secs] [Times: user=0.06 sys=0.01, real=0.02 secs]
2025-03-14T20:55:54.568+0100: 642.457: [GC (Allocation Failure) [PSYoungGen: 87552K->10240K(89088K)] 190976K->121856K(290816K), 0.0128123 secs] [Times: user=0.05 sys=0.01, real=0.01 secs]
2025-03-14T20:56:44.012+0100: 691.901: [GC (Allocation Failure) [PSYoungGen: 86528K->9728K(89088K)] 198144K->129024K(290816K), 0.0145456 secs] [Times: user=0.06 sys=0.01, real=0.01 secs]
2025-03-14T20:57:33.457+0100: 741.346: [GC (Allocation Failure) [PSYoungGen: 86016K->11776K(89088K)] 205312K->137216K(290816K), 0.0155789 secs] [Times: user=0.06 sys=0.01, real=0.02 secs]
2025-03-14T20:58:22.901+0100: 790.790: [GC (Allocation Failure) [PSYoungGen: 88064K->10752K(89088K)] 213504K->144384K(290816K), 0.0118123 secs] [Times: user=0.04 sys=0.01, real=0.01 secs]
2025-03-14T20:59:12.346+0100: 840.235: [GC (Allocation Failure) [PSYoungGen: 87040K->12288K(89088K)] 220672K->152576K(290816K), 0.0136456 secs] [Times: user=0.05 sys=0.01, real=0.01 secs]
2025-03-14T21:00:01.790+0100: 889.679: [GC (Allocation Failure) [PSYoungGen: 88576K->11264K(89088K)] 228864K->159744K(290816K), 0.0148789 secs] [Times: user=0.06 sys=0.01, real=0.01 secs]
2025-03-14T21:00:51.235+0100: 939.124: [GC (Allocation Failure) [PSYoungGen: 87552K->10240K(89088K)] 236032K->166912K(290816K), 0.0162123 secs] [Times: user=0.06 sys=0.01, real=0.02 secs]
2025-03-14T21:01:40.679+0100: 988.568: [GC (Allocation Failure) [PSYoungGen: 86528K->9216K(89088K)] 243200K->174080K(290816K), 0.0128456 secs] [Times: user=0.05 sys=0.01, real=0.01 secs]
2025-03-14T21:02:30.124+0100: 1038.013: [GC (Allocation Failure) [PSYoungGen: 85504K->10752K(89088K)] 249792K->182272K(290816K), 0.0145789 secs] [Times: user=0.06 sys=0.01, real=0.01 secs]
2025-03-14T21:03:19.568+0100: 1087.457: [GC (Allocation Failure) [PSYoungGen: 87040K->11776K(89088K)] 258560K->190464K(290816K), 0.0155123 secs] [Times: user=0.06 sys=0.01, real=0.02 secs]
2025-03-14T21:04:09.013+0100: 1136.902: [GC (Allocation Failure) [PSYoungGen: 88064K->12288K(89088K)] 266752K->198656K(290816K), 0.0138456 secs] [Times: user=0.05 sys=0.01, real=0.01 secs]
2025-03-14T21:04:58.457+0100: 1186.346: [GC (Allocation Failure) [PSYoungGen: 88576K->10240K(89088K)] 274944K->205824K(290816K), 0.0152789 secs] [Times: user=0.06 sys=0.01, real=0.02 secs]
2025-03-14T21:05:47.902+0100: 1235.791: [GC (Allocation Failure) [PSYoungGen: 86528K->9728K(89088K)] 282112K->213504K(290816K), 0.0118123 secs] [Times: user=0.04 sys=0.01, real=0.01 secs]
2025-03-14T21:06:37.346+0100: 1285.235: [GC (Allocation Failure) [PSYoungGen: 86016K->11264K(89088K)] 289792K->221184K(290816K), 0.0136456 secs] [Times: user=0.05 sys=0.01, real=0.01 secs]
2025-03-14T21:07:26.791+0100: 1334.680: [GC (Allocation Failure) [PSYoungGen: 87552K->10752K(89088K)] 297472K->228352K(290816K), 0.0148789 secs] [Times: user=0.06 sys=0.01, real=0.01 secs]
2025-03-14T21:08:16.235+0100: 1384.124: [GC (Allocation Failure) [PSYoungGen: 87040K->12288K(89088K)] 304640K->236544K(290816K), 0.0162123 secs] [Times: user=0.06 sys=0.01, real=0.02 secs]
2025-03-14T21:09:05.680+0100: 1433.569: [GC (Allocation Failure) [PSYoungGen: 88576K->11264K(89088K)] 312832K->244736K(290816K), 0.0128456 secs] [Times: user=0.05 sys=0.01, real=0.01 secs]
2025-03-14T21:09:55.124+0100: 1483.013: [GC (Allocation Failure) [PSYoungGen: 87552K->10240K(89088K)] 320000K->251904K(290816K), 0.0145789 secs] [Times: user=0.06 sys=0.01, real=0.01 secs]
2025-03-14T21:10:44.569+0100: 1532.458: [GC (Allocation Failure) [PSYoungGen: 86528K->9728K(89088K)] 327168K->258048K(290816K), 0.0155123 secs] [Times: user=0.06 sys=0.01, real=0.02 secs]
2025-03-14T21:11:34.013+0100: 1581.902: [GC (Allocation Failure) [PSYoungGen: 86016K->11776K(89088K)] 334336K->266240K(290816K), 0.0138456 secs] [Times: user=0.05 sys=0.01, real=0.01 secs]
2025-03-14T21:12:23.458+0100: 1631.347: [GC (Allocation Failure) [PSYoungGen: 88064K->10752K(89088K)] 342528K->273408K(290816K), 0.0152789 secs] [Times: user=0.06 sys=0.01, real=0.02 secs]
