[0.015s][info][gc] Using G1
[0.016s][info][gc,init] Version: 17.0.9+9 (release)
[0.016s][info][gc,init] CPUs: 8 total, 8 available
[0.016s][info][gc,init] Memory: 16384M
[0.016s][info][gc,init] Large Page Support: Disabled
[0.016s][info][gc,init] NUMA Support: Disabled
[0.016s][info][gc,init] Compressed Oops: Enabled (32-bit)
[0.016s][info][gc,init] Heap Region Size: 2M
[0.016s][info][gc,init] Heap Min Capacity: 256M
[0.016s][info][gc,init] Heap Initial Capacity: 512M
[0.016s][info][gc,init] Heap Max Capacity: 2048M
[0.016s][info][gc,init] Pre-touch: Disabled
[0.016s][info][gc,init] Parallel Workers: 8
[0.016s][info][gc,init] Concurrent Workers: 2
[0.016s][info][gc,init] Concurrent Refinement Workers: 8
[0.016s][info][gc,init] Periodic GC: Disabled
[0.017s][info][gc,metaspace] CDS archive(s) mapped at: [0x0000000800000000-0x0000000800be2000-0x0000000800be2000), size 12460032, SharedBaseAddress: 0x0000000800000000, ArchiveRelocationMode: 0.
[12.341s][info][gc,start    ] GC(0) Pause Young (Normal) (G1 Evacuation Pause)
[12.341s][info][gc,task     ] GC(0) Using 8 workers of 8 for evacuation
[12.348s][info][gc,phases   ] GC(0)   Pre Evacuate Collection Set: 0.1ms
[12.348s][info][gc,phases   ] GC(0)   Merge Heap Roots: 0.1ms
[12.348s][info][gc,phases   ] GC(0)   Evacuate Collection Set: 5.8ms
[12.348s][info][gc,phases   ] GC(0)   Post Evacuate Collection Set: 0.8ms
[12.348s][info][gc,phases   ] GC(0)   Other: 0.3ms
[12.348s][info][gc,heap     ] GC(0) Eden regions: 51->0(48)
[12.348s][info][gc,heap     ] GC(0) Survivor regions: 0->7(7)
[12.348s][info][gc,heap     ] GC(0) Old regions: 0->3
[12.348s][info][gc,heap     ] GC(0) Archive regions: 2->2
[12.348s][info][gc,heap     ] GC(0) Humongous regions: 0->0
[12.348s][info][gc          ] GC(0) Pause Young (Normal) (G1 Evacuation Pause) 102M->20M(512M) 7.124ms
[47.592s][info][gc,start    ] GC(1) Pause Young (Normal) (G1 Evacuation Pause)
[47.592s][info][gc,task     ] GC(1) Using 8 workers of 8 for evacuation
[47.601s][info][gc,phases   ] GC(1)   Pre Evacuate Collection Set: 0.1ms
[47.601s][info][gc,phases   ] GC(1)   Evacuate Collection Set: 7.2ms
[47.601s][info][gc,phases   ] GC(1)   Post Evacuate Collection Set: 0.9ms
[47.601s][info][gc,phases   ] GC(1)   Other: 0.2ms
[47.601s][info][gc,heap     ] GC(1) Eden regions: 48->0(48)
[47.601s][info][gc,heap     ] GC(1) Survivor regions: 7->7(7)
[47.601s][info][gc,heap     ] GC(1) Old regions: 3->8
[47.601s][info][gc,heap     ] GC(1) Humongous regions: 0->0
[47.601s][info][gc          ] GC(1) Pause Young (Normal) (G1 Evacuation Pause) 116M->30M(512M) 8.934ms
[82.115s][info][gc,start    ] GC(2) Pause Young (Normal) (G1 Evacuation Pause)
[82.115s][info][gc,task     ] GC(2) Using 8 workers of 8 for evacuation
[82.121s][info][gc,phases   ] GC(2)   Evacuate Collection Set: 4.9ms
[82.121s][info][gc,phases   ] GC(2)   Post Evacuate Collection Set: 0.7ms
[82.121s][info][gc,heap     ] GC(2) Eden regions: 48->0(49)
[82.121s][info][gc,heap     ] GC(2) Survivor regions: 7->6(7)
[82.121s][info][gc,heap     ] GC(2) Old regions: 8->12
[82.121s][info][gc,heap     ] GC(2) Humongous regions: 0->0
[82.121s][info][gc          ] GC(2) Pause Young (Normal) (G1 Evacuation Pause) 126M->36M(512M) 6.012ms
[117.890s][info][gc          ] GC(3) Pause Young (Normal) (G1 Evacuation Pause) 134M->38M(512M) 7.445ms
[151.233s][info][gc          ] GC(4) Pause Young (Normal) (G1 Evacuation Pause) 136M->40M(512M) 8.102ms
[186.774s][info][gc          ] GC(5) Pause Young (Normal) (G1 Evacuation Pause) 138M->42M(512M) 6.871ms
[221.001s][info][gc          ] GC(6) Pause Young (Normal) (G1 Evacuation Pause) 140M->40M(512M) 7.223ms
[256.489s][info][gc          ] GC(7) Pause Young (Normal) (G1 Evacuation Pause) 138M->42M(512M) 5.990ms
[290.712s][info][gc          ] GC(8) Pause Young (Normal) (G1 Evacuation Pause) 140M->38M(512M) 8.334ms
[325.998s][info][gc,start    ] GC(9) Pause Young (Normal) (G1 Evacuation Pause)
[325.998s][info][gc,task     ] GC(9) Using 8 workers of 8 for evacuation
[326.008s][info][gc,phases   ] GC(9)   Pre Evacuate Collection Set: 0.1ms
[326.008s][info][gc,phases   ] GC(9)   Evacuate Collection Set: 8.1ms
[326.008s][info][gc,phases   ] GC(9)   Post Evacuate Collection Set: 1.0ms
[326.008s][info][gc,phases   ] GC(9)   Other: 0.3ms
[326.008s][info][gc,heap     ] GC(9) Eden regions: 49->0(50)
[326.008s][info][gc,heap     ] GC(9) Survivor regions: 6->5(7)
[326.008s][info][gc,heap     ] GC(9) Old regions: 14->18
[326.008s][info][gc,heap     ] GC(9) Humongous regions: 0->0
[326.008s][info][gc          ] GC(9) Pause Young (Normal) (G1 Evacuation Pause) 138M->46M(512M) 9.512ms
[361.445s][info][gc          ] GC(10) Pause Young (Normal) (G1 Evacuation Pause) 146M->44M(512M) 7.801ms
[395.112s][info][gc          ] GC(11) Pause Young (Normal) (G1 Evacuation Pause) 144M->42M(512M) 6.552ms
[430.667s][info][gc          ] GC(12) Pause Young (Normal) (G1 Evacuation Pause) 142M->44M(512M) 8.190ms
[465.223s][info][gc          ] GC(13) Pause Young (Normal) (G1 Evacuation Pause) 144M->40M(512M) 7.012ms
[500.891s][info][gc          ] GC(14) Pause Young (Normal) (G1 Evacuation Pause) 140M->42M(512M) 5.445ms
[535.334s][info][gc          ] GC(15) Pause Young (Normal) (G1 Evacuation Pause) 142M->38M(512M) 9.102ms
[570.778s][info][gc,start    ] GC(16) Pause Young (Normal) (G1 Evacuation Pause)
[570.778s][info][gc,task     ] GC(16) Using 8 workers of 8 for evacuation
[570.789s][info][gc,phases   ] GC(16)   Pre Evacuate Collection Set: 0.1ms
[570.789s][info][gc,phases   ] GC(16)   Evacuate Collection Set: 9.2ms
[570.789s][info][gc,phases   ] GC(16)   Post Evacuate Collection Set: 0.8ms
[570.789s][info][gc,phases   ] GC(16)   Other: 0.2ms
[570.789s][info][gc,heap     ] GC(16) Eden regions: 50->0(50)
[570.789s][info][gc,heap     ] GC(16) Survivor regions: 5->6(7)
[570.789s][info][gc,heap     ] GC(16) Old regions: 18->22
[570.789s][info][gc,heap     ] GC(16) Humongous regions: 0->0
[570.789s][info][gc          ] GC(16) Pause Young (Normal) (G1 Evacuation Pause) 146M->56M(512M) 10.334ms
[605.112s][info][gc          ] GC(17) Pause Young (Normal) (G1 Evacuation Pause) 156M->52M(512M) 8.223ms
[640.556s][info][gc          ] GC(18) Pause Young (Normal) (G1 Evacuation Pause) 152M->50M(512M) 7.901ms
[675.001s][info][gc          ] GC(19) Pause Young (Normal) (G1 Evacuation Pause) 150M->48M(512M) 6.334ms
[710.445s][info][gc          ] GC(20) Pause Young (Normal) (G1 Evacuation Pause) 148M->46M(512M) 7.556ms
[744.890s][info][gc          ] GC(21) Pause Young (Normal) (G1 Evacuation Pause) 146M->44M(512M) 8.012ms
[780.223s][info][gc          ] GC(22) Pause Young (Normal) (G1 Evacuation Pause) 144M->42M(512M) 6.789ms
[814.667s][info][gc          ] GC(23) Pause Young (Normal) (G1 Evacuation Pause) 142M->44M(512M) 7.123ms
[850.112s][info][gc,start    ] GC(24) Pause Young (Normal) (G1 Evacuation Pause)
[850.112s][info][gc,task     ] GC(24) Using 8 workers of 8 for evacuation
[850.119s][info][gc,phases   ] GC(24)   Pre Evacuate Collection Set: 0.1ms
[850.119s][info][gc,phases   ] GC(24)   Evacuate Collection Set: 5.4ms
[850.119s][info][gc,phases   ] GC(24)   Post Evacuate Collection Set: 0.7ms
[850.119s][info][gc,phases   ] GC(24)   Other: 0.2ms
[850.119s][info][gc,heap     ] GC(24) Eden regions: 50->0(51)
[850.119s][info][gc,heap     ] GC(24) Survivor regions: 6->5(7)
[850.119s][info][gc,heap     ] GC(24) Old regions: 22->25
[850.119s][info][gc,heap     ] GC(24) Humongous regions: 0->0
[850.119s][info][gc          ] GC(24) Pause Young (Normal) (G1 Evacuation Pause) 156M->60M(1024M) 6.445ms
[885.556s][info][gc          ] GC(25) Pause Young (Normal) (G1 Evacuation Pause) 162M->58M(1024M) 7.890ms
[920.001s][info][gc          ] GC(26) Pause Young (Normal) (G1 Evacuation Pause) 160M->56M(1024M) 8.234ms
[955.445s][info][gc          ] GC(27) Pause Young (Normal) (G1 Evacuation Pause) 158M->54M(1024M) 6.112ms
[990.890s][info][gc          ] GC(28) Pause Young (Normal) (G1 Evacuation Pause) 156M->52M(1024M) 7.445ms
[1025.334s][info][gc          ] GC(29) Pause Young (Normal) (G1 Evacuation Pause) 154M->50M(1024M) 5.890ms
[1060.778s][info][gc          ] GC(30) Pause Young (Normal) (G1 Evacuation Pause) 152M->48M(1024M) 8.012ms
[1095.112s][info][gc          ] GC(31) Pause Young (Normal) (G1 Evacuation Pause) 150M->50M(1024M) 7.334ms
[1130.556s][info][gc          ] GC(32) Pause Young (Normal) (G1 Evacuation Pause) 152M->46M(1024M) 6.223ms
[1165.001s][info][gc,start    ] GC(33) Pause Young (Normal) (G1 Evacuation Pause)
[1165.001s][info][gc,task     ] GC(33) Using 8 workers of 8 for evacuation
[1165.012s][info][gc,phases   ] GC(33)   Pre Evacuate Collection Set: 0.1ms
[1165.012s][info][gc,phases   ] GC(33)   Evacuate Collection Set: 9.5ms
[1165.012s][info][gc,phases   ] GC(33)   Post Evacuate Collection Set: 0.9ms
[1165.012s][info][gc,phases   ] GC(33)   Other: 0.3ms
[1165.012s][info][gc,heap     ] GC(33) Eden regions: 51->0(51)
[1165.012s][info][gc,heap     ] GC(33) Survivor regions: 5->6(7)
[1165.012s][info][gc,heap     ] GC(33) Old regions: 25->28
[1165.012s][info][gc,heap     ] GC(33) Humongous regions: 0->0
[1165.012s][info][gc          ] GC(33) Pause Young (Normal) (G1 Evacuation Pause) 162M->68M(1024M) 10.890ms
[1200.445s][info][gc          ] GC(34) Pause Young (Normal) (G1 Evacuation Pause) 170M->64M(1024M) 8.556ms
[1234.890s][info][gc          ] GC(35) Pause Young (Normal) (G1 Evacuation Pause) 166M->62M(1024M) 7.123ms
[1270.334s][info][gc          ] GC(36) Pause Young (Normal) (G1 Evacuation Pause) 164M->60M(1024M) 9.234ms
[1304.778s][info][gc          ] GC(37) Pause Young (Normal) (G1 Evacuation Pause) 162M->58M(1024M) 6.890ms
[1340.112s][info][gc          ] GC(38) Pause Young (Normal) (G1 Evacuation Pause) 160M->56M(1024M) 7.445ms
[1374.556s][info][gc          ] GC(39) Pause Young (Normal) (G1 Evacuation Pause) 158M->54M(1024M) 8.112ms
[1410.001s][info][gc          ] GC(40) Pause Young (Normal) (G1 Evacuation Pause) 156M->52M(1024M) 6.778ms
[1444.445s][info][gc          ] GC(41) Pause Young (Normal) (G1 Evacuation Pause) 154M->50M(1024M) 7.890ms
[1480.890s][info][gc,start    ] GC(42) Pause Young (Normal) (G1 Evacuation Pause)
[1480.890s][info][gc,task     ] GC(42) Using 8 workers of 8 for evacuation
[1480.897s][info][gc,phases   ] GC(42)   Pre Evacuate Collection Set: 0.1ms
[1480.897s][info][gc,phases   ] GC(42)   Evacuate Collection Set: 5.1ms
[1480.897s][info][gc,phases   ] GC(42)   Post Evacuate Collection Set: 0.7ms
[1480.897s][info][gc,phases   ] GC(42)   Other: 0.2ms
[1480.897s][info][gc,heap     ] GC(42) Eden regions: 51->0(52)
[1480.897s][info][gc,heap     ] GC(42) Survivor regions: 6->5(7)
[1480.897s][info][gc,heap     ] GC(42) Old regions: 28->30
[1480.897s][info][gc,heap     ] GC(42) Humongous regions: 0->0
[1480.897s][info][gc          ] GC(42) Pause Young (Normal) (G1 Evacuation Pause) 170M->70M(1024M) 6.890ms
[1515.334s][info][gc          ] GC(43) Pause Young (Normal) (G1 Evacuation Pause) 174M->68M(1024M) 8.234ms
[1550.778s][info][gc          ] GC(44) Pause Young (Normal) (G1 Evacuation Pause) 172M->66M(1024M) 7.112ms
[1585.112s][info][gc          ] GC(45) Pause Young (Normal) (G1 Evacuation Pause) 170M->64M(1024M) 9.445ms
[1620.556s][info][gc          ] GC(46) Pause Young (Normal) (G1 Evacuation Pause) 168M->62M(1024M) 6.334ms
[1655.001s][info][gc          ] GC(47) Pause Young (Normal) (G1 Evacuation Pause) 166M->60M(1024M) 7.890ms
[1690.445s][info][gc          ] GC(48) Pause Young (Normal) (G1 Evacuation Pause) 164M->58M(1024M) 8.112ms
[1724.890s][info][gc,start    ] GC(49) Pause Young (Normal) (G1 Evacuation Pause)
[1724.890s][info][gc,task     ] GC(49) Using 8 workers of 8 for evacuation
[1724.898s][info][gc,phases   ] GC(49)   Pre Evacuate Collection Set: 0.1ms
[1724.898s][info][gc,phases   ] GC(49)   Evacuate Collection Set: 6.3ms
[1724.898s][info][gc,phases   ] GC(49)   Post Evacuate Collection Set: 0.8ms
[1724.898s][info][gc,phases   ] GC(49)   Other: 0.2ms
[1724.898s][info][gc,heap     ] GC(49) Eden regions: 52->0(52)
[1724.898s][info][gc,heap     ] GC(49) Survivor regions: 5->6(7)
[1724.898s][info][gc,heap     ] GC(49) Old regions: 30->32
[1724.898s][info][gc,heap     ] GC(49) Humongous regions: 0->0
[1724.898s][info][gc          ] GC(49) Pause Young (Normal) (G1 Evacuation Pause) 174M->76M(1024M) 7.556ms
[1724.899s][info][gc,heap,exit] Heap
[1724.899s][info][gc,heap,exit]  garbage-first heap   total 1048576K, used 77824K [0x0000000780000000, 0x0000000800000000)
[1724.899s][info][gc,heap,exit]   region size 2048K, 6 young (12288K), 6 survivors (12288K)
[1724.899s][info][gc,heap,exit]  Metaspace       used 42318K, committed 42880K, reserved 1089536K
[1724.899s][info][gc,heap,exit]   class space    used 5234K, committed 5504K, reserved 1048576K
